Group1	Group2	Group1 mean	Group1 std	Group2 mean	Group2 std	t stat	p-value
A	B	312.46	55.6211087028	331.771428571	69.2828924315	-1.15376131781	0.236
